; ModuleID = '51_match_guards_and_or'
source_filename = "51_match_guards_and_or"
target datalayout = "e-m:e-p270:32:32-p271:32:32-p272:64:64-i64:64-i128:128-f80:128-n8:16:32:64-S128"
target triple = "x86_64-unknown-linux-gnu"

@.newline = private constant [2 x i8] c"\0A\00", align 2
@.fmt_int = private constant [4 x i8] c"%ld\00", align 2
@.fmt_int_nl = private constant [5 x i8] c"%ld\0A\00", align 2
@.fmt_float = private constant [4 x i8] c"%lf\00", align 2
@.fmt_float_nl = private constant [5 x i8] c"%lf\0A\00", align 2

declare {ptr, i64} @__mn_str_concat({ptr, i64}, {ptr, i64}) nounwind willreturn
declare i64 @__mn_str_eq({ptr, i64}, {ptr, i64}) nounwind readonly willreturn
declare i64 @__mn_str_cmp({ptr, i64}, {ptr, i64}) nounwind readonly willreturn
declare i64 @__mn_str_len({ptr, i64}) nounwind readonly willreturn
declare {ptr, i64} @__mn_str_char_at({ptr, i64}, i64)
declare i64 @__mn_str_byte_at({ptr, i64}, i64) nounwind readonly willreturn
declare {ptr, i64} @__mn_str_substr({ptr, i64}, i64, i64) nounwind willreturn
declare {ptr, i64} @__mn_str_from_int(i64) nounwind willreturn
declare {ptr, i64} @__mn_str_from_bool(i64) nounwind willreturn
declare {ptr, i64} @__mn_str_from_float(double) nounwind willreturn
declare i64 @__mn_str_to_int({ptr, i64}) nounwind readonly willreturn
declare double @__mn_str_to_float({ptr, i64}) nounwind readonly willreturn
declare void @__mn_str_println({ptr, i64}) nounwind willreturn
declare void @__mn_str_print({ptr, i64}) nounwind willreturn
declare i1 @__mn_str_starts_with({ptr, i64}, {ptr, i64}) nounwind readonly willreturn
declare i1 @__mn_str_ends_with({ptr, i64}, {ptr, i64}) nounwind readonly willreturn
declare i64 @__mn_str_find({ptr, i64}, {ptr, i64}) nounwind readonly willreturn
declare {ptr, i64} @__mn_str_join({ptr, i64}, ptr) nounwind willreturn
declare {ptr, i64, i64, i64, i64} @__mn_list_new(i64) nounwind willreturn
declare void @__mn_list_push(ptr, ptr) nounwind
declare ptr @__mn_list_get(ptr, i64) nounwind readonly willreturn
declare i64 @__mn_list_len(ptr) nounwind readonly willreturn
declare void @__mn_list_set(ptr, i64, ptr) nounwind
declare {ptr, i64, i64, i64, i64} @__mn_list_concat(ptr, ptr) nounwind willreturn
declare i1 @__iter_has_next({i64, i64}) nounwind readonly willreturn
declare i64 @__iter_next({i64, i64}) nounwind
declare {i64, i64} @__mn_range(i64, i64) nounwind readonly willreturn
declare void @__mn_range_free(ptr) nounwind willreturn
declare {ptr, i64} @__mn_str_to_upper({ptr, i64}) nounwind willreturn
declare {ptr, i64} @__mn_str_to_lower({ptr, i64}) nounwind willreturn
declare {ptr, i64} @__mn_str_replace({ptr, i64}, {ptr, i64}, {ptr, i64}) nounwind willreturn
declare {ptr, i64, i64, i64, i64} @__mn_str_split({ptr, i64}, {ptr, i64}) nounwind willreturn
declare {ptr, i64} @__mn_str_trim({ptr, i64}) nounwind willreturn
declare i1 @__mn_str_contains({ptr, i64}, {ptr, i64}) nounwind readonly willreturn
declare void @__mn_panic({ptr, i64})
declare void @__mn_exit(i64)
declare i64 @__mn_argc()
declare {ptr, i64} @__mn_argv(i64)
declare {ptr, i64} @__mn_file_read_or_empty({ptr, i64})
declare i64 @__mn_file_write({ptr, i64}, {ptr, i64})
declare i64 @__mn_system({ptr, i64})
declare void @__mn_str_eprint({ptr, i64}) nounwind willreturn
declare void @__mn_str_eprintln({ptr, i64}) nounwind willreturn
declare {ptr, i64} @__mn_str_chr(i64) nounwind willreturn
declare i64 @__mn_str_ord({ptr, i64}) nounwind readonly willreturn
declare noalias ptr @__mn_map_new(i64, i64, i64, i64) nounwind willreturn
declare void @__mn_map_set(ptr, ptr, ptr) nounwind
declare ptr @__mn_map_get(ptr, ptr) nounwind
declare i64 @__mn_map_len(ptr) nounwind readonly willreturn
declare i64 @__mn_map_contains(ptr, ptr) nounwind readonly willreturn
declare {ptr, i64, i64, i64, i64} @__mn_map_keys(ptr) nounwind willreturn
declare noalias ptr @malloc(i64) nounwind willreturn
declare i32 @printf(ptr, ...)
declare noalias ptr @__mapanare_tensor_add(ptr, ptr) nounwind willreturn
declare noalias ptr @__mapanare_tensor_sub(ptr, ptr) nounwind willreturn
declare noalias ptr @__mapanare_tensor_mul(ptr, ptr) nounwind willreturn
declare noalias ptr @__mapanare_tensor_div(ptr, ptr) nounwind willreturn
declare noalias ptr @__mapanare_matmul(ptr, ptr) nounwind willreturn
declare noalias ptr @__mapanare_tensor_alloc(i64, i64*, i64) nounwind willreturn
declare void @__mapanare_tensor_free(ptr) nounwind willreturn
declare i1 @__mapanare_tensor_shape_eq(ptr, ptr) nounwind readonly willreturn
declare ptr @__mapanare_detect_gpus()
declare ptr @__mn_agent_spawn(ptr, ptr) nounwind willreturn
declare void @__mn_agent_send(ptr, ptr, ptr) nounwind willreturn
declare ptr @__mn_agent_sync(ptr, ptr) nounwind willreturn
declare noalias ptr @__mn_signal_new(ptr) nounwind willreturn
declare ptr @__mn_signal_get(ptr) nounwind
declare void @__mn_signal_set(ptr, ptr) nounwind willreturn
declare {ptr, i64} @__mn_read_line() nounwind willreturn
declare i64 @__mn_file_append({ptr, i64}, {ptr, i64}) nounwind willreturn
declare i64 @__mn_file_exists({ptr, i64}) nounwind readonly willreturn
declare {ptr, i64, i64, i64, i64} @__mn_dir_list_strings({ptr, i64}) nounwind willreturn
declare {ptr, i64} @__mn_http_get({ptr, i64}) nounwind willreturn
declare {ptr, i64} @__mn_sha256_str({ptr, i64}) nounwind willreturn
declare {ptr, i64} @__mn_base64_encode_str({ptr, i64}) nounwind willreturn
declare {ptr, i64} @__mn_base64_decode_str({ptr, i64}) nounwind willreturn
declare {ptr, i64} @__mn_hmac_sha256_str({ptr, i64}, {ptr, i64}) nounwind willreturn
declare {ptr, i64} @__mn_hex_encode_str({ptr, i64}) nounwind willreturn
declare {ptr, i64} @__mn_random_bytes_str(i64) nounwind willreturn
declare i64 @__mn_regex_compile_str({ptr, i64}) nounwind willreturn
declare i64 @__mn_regex_exec_str(i64, {ptr, i64}, i64) nounwind willreturn
declare {ptr, i64} @__mn_regex_replace_str(i64, {ptr, i64}, {ptr, i64}, i64) nounwind willreturn
declare i64 @__mn_regex_free(i64) nounwind willreturn
declare i64 @__mn_file_remove({ptr, i64}) nounwind willreturn
declare i64 @__mn_file_size({ptr, i64}) nounwind readonly willreturn
declare i64 @__mn_file_mtime({ptr, i64}) nounwind readonly willreturn
declare i64 @__mn_dir_create({ptr, i64}) nounwind willreturn
declare i64 @__mn_dir_remove({ptr, i64}) nounwind willreturn
declare i64 @__mn_file_rename({ptr, i64}, {ptr, i64}) nounwind willreturn
declare i64 @__mn_file_copy({ptr, i64}, {ptr, i64}) nounwind willreturn
declare {ptr, i64} @__mn_realpath({ptr, i64}) nounwind willreturn
declare {ptr, i64} @__mn_tmpfile_path() nounwind willreturn
declare i64 @__mn_gpu_available() nounwind readonly willreturn
declare {ptr, i64} @__mn_gpu_device_name() nounwind willreturn
declare i64 @__mn_gpu_device_memory() nounwind readonly willreturn
declare {ptr, i64, i64, i64, i64} @__mn_gpu_tensor_add(ptr, ptr) nounwind willreturn
declare {ptr, i64, i64, i64, i64} @__mn_gpu_tensor_sub(ptr, ptr) nounwind willreturn
declare {ptr, i64, i64, i64, i64} @__mn_gpu_tensor_mul(ptr, ptr) nounwind willreturn
declare {ptr, i64, i64, i64, i64} @__mn_gpu_tensor_div(ptr, ptr) nounwind willreturn
declare {ptr, i64, i64, i64, i64} @__mn_gpu_tensor_matmul(ptr, ptr, i64, i64, i64) nounwind willreturn

define {ptr, i64} @describe({i1, ptr} %opt) nounwind willreturn {
entry:
  %opt.addr = alloca {i1, ptr}
  store {i1, ptr} %opt, ptr %opt.addr
  %opt_val0 = load {i1, ptr}, ptr %opt.addr
  %tag1.raw = extractvalue {i1, ptr} %opt_val0, 0
  %tag1 = zext i1 %tag1.raw to i64
  switch i64 %tag1, label %match_arm5 [
    i64 1, label %match_arm1
    i64 1, label %match_arm2
    i64 1, label %match_arm3
    i64 1, label %match_arm4
  ]
match_arm1:
  %t2.ptr = getelementptr inbounds [14 x i8], ptr @str.0, i64 0, i64 0
  %t2.s1 = insertvalue {ptr, i64} undef, ptr %t2.ptr, 0
  %t2 = insertvalue {ptr, i64} %t2.s1, i64 14, 1
  br label %match_merge0
match_arm2:
  %x3.ptr = extractvalue {i1, ptr} %opt_val0, 1
  %x3 = load i64, ptr %x3.ptr
  %x4.addr = alloca i64
  store i64 %x3, ptr %x4.addr
  %x_val5 = load i64, ptr %x4.addr
  %t6 = add i64 0, 0
  %t7 = icmp sgt i64 %x_val5, 0
  %x_val8 = load i64, ptr %x4.addr
  %t9 = add i64 0, 10
  %t10 = icmp slt i64 %x_val8, 10
  %t11 = and i1 %t7, %t10
  br i1 %t11, label %guard_pass6, label %guard_fail7
match_arm3:
  %x13.ptr = extractvalue {i1, ptr} %opt_val0, 1
  %x13 = load i64, ptr %x13.ptr
  %x14.addr = alloca i64
  store i64 %x13, ptr %x14.addr
  %x_val15 = load i64, ptr %x14.addr
  %t16 = add i64 0, 0
  %t17 = icmp sgt i64 %x_val15, 0
  br i1 %t17, label %guard_pass8, label %guard_fail9
match_arm4:
  %x19.ptr = extractvalue {i1, ptr} %opt_val0, 1
  %x19 = load i64, ptr %x19.ptr
  %x20.addr = alloca i64
  store i64 %x19, ptr %x20.addr
  %x_val21 = load i64, ptr %x20.addr
  %t22 = add i64 0, 0
  %t23 = icmp slt i64 %x_val21, 0
  br i1 %t23, label %guard_pass10, label %guard_fail11
match_arm5:
  %t25.ptr = getelementptr inbounds [11 x i8], ptr @str.1, i64 0, i64 0
  %t25.s1 = insertvalue {ptr, i64} undef, ptr %t25.ptr, 0
  %t25 = insertvalue {ptr, i64} %t25.s1, i64 11, 1
  br label %match_merge0
guard_fail7:
  br label %match_arm3
guard_pass6:
  %t12.ptr = getelementptr inbounds [14 x i8], ptr @str.2, i64 0, i64 0
  %t12.s1 = insertvalue {ptr, i64} undef, ptr %t12.ptr, 0
  %t12 = insertvalue {ptr, i64} %t12.s1, i64 14, 1
  br label %match_merge0
guard_fail9:
  br label %match_arm4
guard_pass8:
  %t18.ptr = getelementptr inbounds [14 x i8], ptr @str.3, i64 0, i64 0
  %t18.s1 = insertvalue {ptr, i64} undef, ptr %t18.ptr, 0
  %t18 = insertvalue {ptr, i64} %t18.s1, i64 14, 1
  br label %match_merge0
guard_fail11:
  br label %match_arm5
guard_pass10:
  %t24.ptr = getelementptr inbounds [8 x i8], ptr @str.4, i64 0, i64 0
  %t24.s1 = insertvalue {ptr, i64} undef, ptr %t24.ptr, 0
  %t24 = insertvalue {ptr, i64} %t24.s1, i64 8, 1
  br label %match_merge0
match_merge0:
  %match_result26 = phi {ptr, i64} [ %t2, %match_arm1 ], [ %t12, %guard_pass6 ], [ %t18, %guard_pass8 ], [ %t24, %guard_pass10 ], [ %t25, %match_arm5 ]
  ret {ptr, i64} %match_result26
}

define i32 @main() nounwind willreturn {
entry:
  %t0 = add i64 0, 0
  %t1.sz = ptrtoint ptr getelementptr (i64, ptr null, i32 1) to i64
  %t1.ea = call ptr @malloc(i64 %t1.sz)
  store i64 %t0, ptr %t1.ea
  %t1.tag = insertvalue {i1, ptr} undef, i1 1, 0
  %t1 = insertvalue {i1, ptr} %t1.tag, ptr %t1.ea, 1
  %t2 = call {ptr, i64} @describe({i1, ptr} %t1)
  call void @__mn_str_println({ptr, i64} %t2)
  %tnone4 = insertvalue {i1, ptr} undef, i1 0, 0
  %t5 = call {ptr, i64} @describe({i1, ptr} %tnone4)
  call void @__mn_str_println({ptr, i64} %t5)
  %t7 = add i64 0, 5
  %t8.sz = ptrtoint ptr getelementptr (i64, ptr null, i32 1) to i64
  %t8.ea = call ptr @malloc(i64 %t8.sz)
  store i64 %t7, ptr %t8.ea
  %t8.tag = insertvalue {i1, ptr} undef, i1 1, 0
  %t8 = insertvalue {i1, ptr} %t8.tag, ptr %t8.ea, 1
  %t9 = call {ptr, i64} @describe({i1, ptr} %t8)
  call void @__mn_str_println({ptr, i64} %t9)
  %t11 = add i64 0, 42
  %t12.sz = ptrtoint ptr getelementptr (i64, ptr null, i32 1) to i64
  %t12.ea = call ptr @malloc(i64 %t12.sz)
  store i64 %t11, ptr %t12.ea
  %t12.tag = insertvalue {i1, ptr} undef, i1 1, 0
  %t12 = insertvalue {i1, ptr} %t12.tag, ptr %t12.ea, 1
  %t13 = call {ptr, i64} @describe({i1, ptr} %t12)
  call void @__mn_str_println({ptr, i64} %t13)
  %t15 = add i64 0, 1
  %t16 = sub nsw i64 0, %t15
  %t17.sz = ptrtoint ptr getelementptr (i64, ptr null, i32 1) to i64
  %t17.ea = call ptr @malloc(i64 %t17.sz)
  store i64 %t16, ptr %t17.ea
  %t17.tag = insertvalue {i1, ptr} undef, i1 1, 0
  %t17 = insertvalue {i1, ptr} %t17.tag, ptr %t17.ea, 1
  %t18 = call {ptr, i64} @describe({i1, ptr} %t17)
  call void @__mn_str_println({ptr, i64} %t18)
  ret i32 zeroinitializer
}

@str.0 = private constant [14 x i8] c"zero or absent", align 2
@str.1 = private constant [11 x i8] c"unreachable", align 2
@str.2 = private constant [14 x i8] c"small positive", align 2
@str.3 = private constant [14 x i8] c"large positive", align 2
@str.4 = private constant [8 x i8] c"negative", align 2

!mapanare.version = !{!0}
!0 = !{!"4.142.0"}
