; ModuleID = '65_list_int_indexing'
source_filename = "65_list_int_indexing"
target datalayout = "e-m:e-p270:32:32-p271:32:32-p272:64:64-i64:64-i128:128-f80:128-n8:16:32:64-S128"
target triple = "x86_64-unknown-linux-gnu"

@.newline = private constant [2 x i8] c"\0A\00", align 2
@.fmt_int = private constant [4 x i8] c"%ld\00", align 2
@.fmt_int_nl = private constant [5 x i8] c"%ld\0A\00", align 2
@.fmt_float = private constant [4 x i8] c"%lf\00", align 2
@.fmt_float_nl = private constant [5 x i8] c"%lf\0A\00", align 2

declare {ptr, i64} @__mn_str_concat({ptr, i64}, {ptr, i64}) nounwind willreturn
declare i64 @__mn_str_eq({ptr, i64}, {ptr, i64}) nounwind readonly willreturn
declare i64 @__mn_str_cmp({ptr, i64}, {ptr, i64}) nounwind readonly willreturn
declare i64 @__mn_str_len({ptr, i64}) nounwind readonly willreturn
declare {ptr, i64} @__mn_str_char_at({ptr, i64}, i64)
declare i64 @__mn_str_byte_at({ptr, i64}, i64) nounwind readonly willreturn
declare {ptr, i64} @__mn_str_substr({ptr, i64}, i64, i64) nounwind willreturn
declare {ptr, i64} @__mn_str_from_int(i64) nounwind willreturn
declare {ptr, i64} @__mn_str_from_bool(i64) nounwind willreturn
declare {ptr, i64} @__mn_str_from_float(double) nounwind willreturn
declare i64 @__mn_str_to_int({ptr, i64}) nounwind readonly willreturn
declare double @__mn_str_to_float({ptr, i64}) nounwind readonly willreturn
declare void @__mn_str_println({ptr, i64}) nounwind willreturn
declare void @__mn_str_print({ptr, i64}) nounwind willreturn
declare i1 @__mn_str_starts_with({ptr, i64}, {ptr, i64}) nounwind readonly willreturn
declare i1 @__mn_str_ends_with({ptr, i64}, {ptr, i64}) nounwind readonly willreturn
declare i64 @__mn_str_find({ptr, i64}, {ptr, i64}) nounwind readonly willreturn
declare {ptr, i64} @__mn_str_join({ptr, i64}, ptr) nounwind willreturn
declare {ptr, i64, i64, i64, i64} @__mn_list_new(i64) nounwind willreturn
declare void @__mn_list_push(ptr, ptr) nounwind
declare ptr @__mn_list_get(ptr, i64) nounwind readonly willreturn
declare i64 @__mn_list_len(ptr) nounwind readonly willreturn
declare void @__mn_list_set(ptr, i64, ptr) nounwind
declare {ptr, i64, i64, i64, i64} @__mn_list_concat(ptr, ptr) nounwind willreturn
declare i1 @__iter_has_next({i64, i64}) nounwind readonly willreturn
declare i64 @__iter_next({i64, i64}) nounwind
declare {i64, i64} @__mn_range(i64, i64) nounwind readonly willreturn
declare void @__mn_range_free(ptr) nounwind willreturn
declare {ptr, i64} @__mn_str_to_upper({ptr, i64}) nounwind willreturn
declare {ptr, i64} @__mn_str_to_lower({ptr, i64}) nounwind willreturn
declare {ptr, i64} @__mn_str_replace({ptr, i64}, {ptr, i64}, {ptr, i64}) nounwind willreturn
declare {ptr, i64, i64, i64, i64} @__mn_str_split({ptr, i64}, {ptr, i64}) nounwind willreturn
declare {ptr, i64} @__mn_str_trim({ptr, i64}) nounwind willreturn
declare i1 @__mn_str_contains({ptr, i64}, {ptr, i64}) nounwind readonly willreturn
declare void @__mn_panic({ptr, i64})
declare void @__mn_exit(i64)
declare i64 @__mn_argc()
declare {ptr, i64} @__mn_argv(i64)
declare {ptr, i64} @__mn_file_read_or_empty({ptr, i64})
declare i64 @__mn_file_write({ptr, i64}, {ptr, i64})
declare i64 @__mn_system({ptr, i64})
declare void @__mn_str_eprint({ptr, i64}) nounwind willreturn
declare void @__mn_str_eprintln({ptr, i64}) nounwind willreturn
declare {ptr, i64} @__mn_str_chr(i64) nounwind willreturn
declare i64 @__mn_str_ord({ptr, i64}) nounwind readonly willreturn
declare noalias ptr @__mn_map_new(i64, i64, i64, i64) nounwind willreturn
declare void @__mn_map_set(ptr, ptr, ptr) nounwind
declare ptr @__mn_map_get(ptr, ptr) nounwind
declare i64 @__mn_map_len(ptr) nounwind readonly willreturn
declare i64 @__mn_map_contains(ptr, ptr) nounwind readonly willreturn
declare {ptr, i64, i64, i64, i64} @__mn_map_keys(ptr) nounwind willreturn
declare noalias ptr @malloc(i64) nounwind willreturn
declare i32 @printf(ptr, ...)
declare noalias ptr @__mapanare_tensor_add(ptr, ptr) nounwind willreturn
declare noalias ptr @__mapanare_tensor_sub(ptr, ptr) nounwind willreturn
declare noalias ptr @__mapanare_tensor_mul(ptr, ptr) nounwind willreturn
declare noalias ptr @__mapanare_tensor_div(ptr, ptr) nounwind willreturn
declare noalias ptr @__mapanare_matmul(ptr, ptr) nounwind willreturn
declare noalias ptr @__mapanare_tensor_alloc(i64, i64*, i64) nounwind willreturn
declare void @__mapanare_tensor_free(ptr) nounwind willreturn
declare i1 @__mapanare_tensor_shape_eq(ptr, ptr) nounwind readonly willreturn
declare ptr @__mapanare_detect_gpus()
declare ptr @__mn_agent_spawn(ptr, ptr) nounwind willreturn
declare void @__mn_agent_send(ptr, ptr, ptr) nounwind willreturn
declare ptr @__mn_agent_sync(ptr, ptr) nounwind willreturn
declare noalias ptr @__mn_signal_new(ptr) nounwind willreturn
declare ptr @__mn_signal_get(ptr) nounwind
declare void @__mn_signal_set(ptr, ptr) nounwind willreturn
declare {ptr, i64} @__mn_read_line() nounwind willreturn
declare i64 @__mn_file_append({ptr, i64}, {ptr, i64}) nounwind willreturn
declare i64 @__mn_file_exists({ptr, i64}) nounwind readonly willreturn
declare {ptr, i64, i64, i64, i64} @__mn_dir_list_strings({ptr, i64}) nounwind willreturn
declare {ptr, i64} @__mn_http_get({ptr, i64}) nounwind willreturn
declare {ptr, i64} @__mn_sha256_str({ptr, i64}) nounwind willreturn
declare {ptr, i64} @__mn_base64_encode_str({ptr, i64}) nounwind willreturn
declare {ptr, i64} @__mn_base64_decode_str({ptr, i64}) nounwind willreturn
declare {ptr, i64} @__mn_hmac_sha256_str({ptr, i64}, {ptr, i64}) nounwind willreturn
declare {ptr, i64} @__mn_hex_encode_str({ptr, i64}) nounwind willreturn
declare {ptr, i64} @__mn_random_bytes_str(i64) nounwind willreturn
declare i64 @__mn_regex_compile_str({ptr, i64}) nounwind willreturn
declare i64 @__mn_regex_exec_str(i64, {ptr, i64}, i64) nounwind willreturn
declare {ptr, i64} @__mn_regex_replace_str(i64, {ptr, i64}, {ptr, i64}, i64) nounwind willreturn
declare i64 @__mn_regex_free(i64) nounwind willreturn
declare i64 @__mn_file_remove({ptr, i64}) nounwind willreturn
declare i64 @__mn_file_size({ptr, i64}) nounwind readonly willreturn
declare i64 @__mn_file_mtime({ptr, i64}) nounwind readonly willreturn
declare i64 @__mn_dir_create({ptr, i64}) nounwind willreturn
declare i64 @__mn_dir_remove({ptr, i64}) nounwind willreturn
declare i64 @__mn_file_rename({ptr, i64}, {ptr, i64}) nounwind willreturn
declare i64 @__mn_file_copy({ptr, i64}, {ptr, i64}) nounwind willreturn
declare {ptr, i64} @__mn_realpath({ptr, i64}) nounwind willreturn
declare {ptr, i64} @__mn_tmpfile_path() nounwind willreturn
declare i64 @__mn_gpu_available() nounwind readonly willreturn
declare {ptr, i64} @__mn_gpu_device_name() nounwind willreturn
declare i64 @__mn_gpu_device_memory() nounwind readonly willreturn
declare {ptr, i64, i64, i64, i64} @__mn_gpu_tensor_add(ptr, ptr) nounwind willreturn
declare {ptr, i64, i64, i64, i64} @__mn_gpu_tensor_sub(ptr, ptr) nounwind willreturn
declare {ptr, i64, i64, i64, i64} @__mn_gpu_tensor_mul(ptr, ptr) nounwind willreturn
declare {ptr, i64, i64, i64, i64} @__mn_gpu_tensor_div(ptr, ptr) nounwind willreturn
declare {ptr, i64, i64, i64, i64} @__mn_gpu_tensor_matmul(ptr, ptr, i64, i64, i64) nounwind willreturn

define i32 @main() nounwind willreturn {
entry:
  %t0.new = call {ptr, i64, i64, i64, i64} @__mn_list_new(i64 384)
  %t0.addr = alloca {ptr, i64, i64, i64, i64}
  store {ptr, i64, i64, i64, i64} %t0.new, ptr %t0.addr
  %t0 = load {ptr, i64, i64, i64, i64}, ptr %t0.addr
  %arr1.addr = alloca {ptr, i64, i64, i64, i64}
  store {ptr, i64, i64, i64, i64} %t0, ptr %arr1.addr
  %arr_val2 = load {ptr, i64, i64, i64, i64}, ptr %arr1.addr
  %t3 = add i64 0, 42
  %push_ea0 = alloca i64
  store i64 %t3, ptr %push_ea0
  %push_tmp0 = alloca {ptr, i64, i64, i64, i64}
  %push_ld0 = load {ptr, i64, i64, i64, i64}, ptr %arr1.addr
  store {ptr, i64, i64, i64, i64} %push_ld0, ptr %push_tmp0
  call void @__mn_list_push(ptr %push_tmp0, ptr %push_ea0)
  %push_wb0 = load {ptr, i64, i64, i64, i64}, ptr %push_tmp0
  store {ptr, i64, i64, i64, i64} %push_wb0, ptr %arr1.addr
  %arr_val5 = load {ptr, i64, i64, i64, i64}, ptr %arr1.addr
  %t6 = add i64 0, 99
  %push_ea1 = alloca i64
  store i64 %t6, ptr %push_ea1
  %push_tmp1 = alloca {ptr, i64, i64, i64, i64}
  %push_ld1 = load {ptr, i64, i64, i64, i64}, ptr %arr1.addr
  store {ptr, i64, i64, i64, i64} %push_ld1, ptr %push_tmp1
  call void @__mn_list_push(ptr %push_tmp1, ptr %push_ea1)
  %push_wb1 = load {ptr, i64, i64, i64, i64}, ptr %push_tmp1
  store {ptr, i64, i64, i64, i64} %push_wb1, ptr %arr1.addr
  %arr_val8 = load {ptr, i64, i64, i64, i64}, ptr %arr1.addr
  %t9 = add i64 0, 7
  %push_ea2 = alloca i64
  store i64 %t9, ptr %push_ea2
  %push_tmp2 = alloca {ptr, i64, i64, i64, i64}
  %push_ld2 = load {ptr, i64, i64, i64, i64}, ptr %arr1.addr
  store {ptr, i64, i64, i64, i64} %push_ld2, ptr %push_tmp2
  call void @__mn_list_push(ptr %push_tmp2, ptr %push_ea2)
  %push_wb2 = load {ptr, i64, i64, i64, i64}, ptr %push_tmp2
  store {ptr, i64, i64, i64, i64} %push_wb2, ptr %arr1.addr
  %arr_val11 = load {ptr, i64, i64, i64, i64}, ptr %arr1.addr
  %t12 = add i64 0, 0
  %t13.lp = alloca {ptr, i64, i64, i64, i64}
  store {ptr, i64, i64, i64, i64} %arr_val11, ptr %t13.lp
  %t13.raw = call ptr @__mn_list_get(ptr %t13.lp, i64 %t12)
  %t13 = load i64, ptr %t13.raw
  %t14 = call {ptr, i64} @__mn_str_from_int(i64 %t13)
  call void @__mn_str_println({ptr, i64} %t14)
  %arr_val16 = load {ptr, i64, i64, i64, i64}, ptr %arr1.addr
  %t17 = add i64 0, 0
  %t18.lp = alloca {ptr, i64, i64, i64, i64}
  store {ptr, i64, i64, i64, i64} %arr_val16, ptr %t18.lp
  %t18.raw = call ptr @__mn_list_get(ptr %t18.lp, i64 %t17)
  %t18 = load i64, ptr %t18.raw
  %v19.addr = alloca i64
  store i64 %t18, ptr %v19.addr
  %v_val20 = load i64, ptr %v19.addr
  %t21 = call {ptr, i64} @__mn_str_from_int(i64 %v_val20)
  call void @__mn_str_println({ptr, i64} %t21)
  %arr_val23 = load {ptr, i64, i64, i64, i64}, ptr %arr1.addr
  %t24 = add i64 0, 1
  %t25.lp = alloca {ptr, i64, i64, i64, i64}
  store {ptr, i64, i64, i64, i64} %arr_val23, ptr %t25.lp
  %t25.raw = call ptr @__mn_list_get(ptr %t25.lp, i64 %t24)
  %t25 = load i64, ptr %t25.raw
  %t26 = call {ptr, i64} @__mn_str_from_int(i64 %t25)
  call void @__mn_str_println({ptr, i64} %t26)
  %arr_val28 = load {ptr, i64, i64, i64, i64}, ptr %arr1.addr
  %t29 = add i64 0, 100
  %push_ea3 = alloca i64
  store i64 %t29, ptr %push_ea3
  %push_tmp3 = alloca {ptr, i64, i64, i64, i64}
  %push_ld3 = load {ptr, i64, i64, i64, i64}, ptr %arr1.addr
  store {ptr, i64, i64, i64, i64} %push_ld3, ptr %push_tmp3
  call void @__mn_list_push(ptr %push_tmp3, ptr %push_ea3)
  %push_wb3 = load {ptr, i64, i64, i64, i64}, ptr %push_tmp3
  store {ptr, i64, i64, i64, i64} %push_wb3, ptr %arr1.addr
  %arr_val31 = load {ptr, i64, i64, i64, i64}, ptr %arr1.addr
  %t32 = add i64 0, 3
  %t33.lp = alloca {ptr, i64, i64, i64, i64}
  store {ptr, i64, i64, i64, i64} %arr_val31, ptr %t33.lp
  %t33.raw = call ptr @__mn_list_get(ptr %t33.lp, i64 %t32)
  %t33 = load i64, ptr %t33.raw
  %t34 = call {ptr, i64} @__mn_str_from_int(i64 %t33)
  call void @__mn_str_println({ptr, i64} %t34)
  %arr_val36 = load {ptr, i64, i64, i64, i64}, ptr %arr1.addr
  %t37 = add i64 0, 0
  %t38.lp = alloca {ptr, i64, i64, i64, i64}
  store {ptr, i64, i64, i64, i64} %arr_val36, ptr %t38.lp
  %t38.raw = call ptr @__mn_list_get(ptr %t38.lp, i64 %t37)
  %t38 = load i64, ptr %t38.raw
  %arr_val39 = load {ptr, i64, i64, i64, i64}, ptr %arr1.addr
  %t40 = add i64 0, 1
  %t41.lp = alloca {ptr, i64, i64, i64, i64}
  store {ptr, i64, i64, i64, i64} %arr_val39, ptr %t41.lp
  %t41.raw = call ptr @__mn_list_get(ptr %t41.lp, i64 %t40)
  %t41 = load i64, ptr %t41.raw
  %t42 = add nsw i64 %t38, %t41
  %sum43.addr = alloca i64
  store i64 %t42, ptr %sum43.addr
  %sum_val44 = load i64, ptr %sum43.addr
  %t45 = call {ptr, i64} @__mn_str_from_int(i64 %sum_val44)
  call void @__mn_str_println({ptr, i64} %t45)
  ret i32 zeroinitializer
}


!mapanare.version = !{!0}
!0 = !{!"4.142.0"}
