; ModuleID = '33_break_continue'
source_filename = "33_break_continue"
target datalayout = "e-m:e-p270:32:32-p271:32:32-p272:64:64-i64:64-i128:128-f80:128-n8:16:32:64-S128"
target triple = "x86_64-unknown-linux-gnu"

@.newline = private constant [2 x i8] c"\0A\00", align 2
@.fmt_int = private constant [4 x i8] c"%ld\00", align 2
@.fmt_int_nl = private constant [5 x i8] c"%ld\0A\00", align 2
@.fmt_float = private constant [4 x i8] c"%lf\00", align 2
@.fmt_float_nl = private constant [5 x i8] c"%lf\0A\00", align 2

declare {ptr, i64} @__mn_str_concat({ptr, i64}, {ptr, i64}) nounwind willreturn
declare i64 @__mn_str_eq({ptr, i64}, {ptr, i64}) nounwind readonly willreturn
declare i64 @__mn_str_cmp({ptr, i64}, {ptr, i64}) nounwind readonly willreturn
declare i64 @__mn_str_len({ptr, i64}) nounwind readonly willreturn
declare {ptr, i64} @__mn_str_char_at({ptr, i64}, i64)
declare i64 @__mn_str_byte_at({ptr, i64}, i64) nounwind readonly willreturn
declare {ptr, i64} @__mn_str_substr({ptr, i64}, i64, i64) nounwind willreturn
declare {ptr, i64} @__mn_str_from_int(i64) nounwind willreturn
declare {ptr, i64} @__mn_str_from_bool(i64) nounwind willreturn
declare {ptr, i64} @__mn_str_from_float(double) nounwind willreturn
declare i64 @__mn_str_to_int({ptr, i64}) nounwind readonly willreturn
declare double @__mn_str_to_float({ptr, i64}) nounwind readonly willreturn
declare void @__mn_str_println({ptr, i64}) nounwind willreturn
declare void @__mn_str_print({ptr, i64}) nounwind willreturn
declare i1 @__mn_str_starts_with({ptr, i64}, {ptr, i64}) nounwind readonly willreturn
declare i1 @__mn_str_ends_with({ptr, i64}, {ptr, i64}) nounwind readonly willreturn
declare i64 @__mn_str_find({ptr, i64}, {ptr, i64}) nounwind readonly willreturn
declare {ptr, i64} @__mn_str_join({ptr, i64}, ptr) nounwind willreturn
declare {ptr, i64, i64, i64, i64} @__mn_list_new(i64) nounwind willreturn
declare void @__mn_list_push(ptr, ptr) nounwind
declare ptr @__mn_list_get(ptr, i64) nounwind readonly willreturn
declare i64 @__mn_list_len(ptr) nounwind readonly willreturn
declare void @__mn_list_set(ptr, i64, ptr) nounwind
declare {ptr, i64, i64, i64, i64} @__mn_list_concat(ptr, ptr) nounwind willreturn
declare i1 @__iter_has_next({i64, i64}) nounwind readonly willreturn
declare i64 @__iter_next({i64, i64}) nounwind
declare {i64, i64} @__mn_range(i64, i64) nounwind readonly willreturn
declare void @__mn_range_free(ptr) nounwind willreturn
declare {ptr, i64} @__mn_str_to_upper({ptr, i64}) nounwind willreturn
declare {ptr, i64} @__mn_str_to_lower({ptr, i64}) nounwind willreturn
declare {ptr, i64} @__mn_str_replace({ptr, i64}, {ptr, i64}, {ptr, i64}) nounwind willreturn
declare {ptr, i64, i64, i64, i64} @__mn_str_split({ptr, i64}, {ptr, i64}) nounwind willreturn
declare {ptr, i64} @__mn_str_trim({ptr, i64}) nounwind willreturn
declare i1 @__mn_str_contains({ptr, i64}, {ptr, i64}) nounwind readonly willreturn
declare void @__mn_panic({ptr, i64})
declare void @__mn_exit(i64)
declare i64 @__mn_argc()
declare {ptr, i64} @__mn_argv(i64)
declare {ptr, i64} @__mn_file_read_or_empty({ptr, i64})
declare i64 @__mn_file_write({ptr, i64}, {ptr, i64})
declare i64 @__mn_system({ptr, i64})
declare void @__mn_str_eprint({ptr, i64}) nounwind willreturn
declare void @__mn_str_eprintln({ptr, i64}) nounwind willreturn
declare {ptr, i64} @__mn_str_chr(i64) nounwind willreturn
declare i64 @__mn_str_ord({ptr, i64}) nounwind readonly willreturn
declare noalias ptr @__mn_map_new(i64, i64, i64, i64) nounwind willreturn
declare void @__mn_map_set(ptr, ptr, ptr) nounwind
declare ptr @__mn_map_get(ptr, ptr) nounwind
declare i64 @__mn_map_len(ptr) nounwind readonly willreturn
declare i64 @__mn_map_contains(ptr, ptr) nounwind readonly willreturn
declare {ptr, i64, i64, i64, i64} @__mn_map_keys(ptr) nounwind willreturn
declare noalias ptr @malloc(i64) nounwind willreturn
declare i32 @printf(ptr, ...)
declare noalias ptr @__mapanare_tensor_add(ptr, ptr) nounwind willreturn
declare noalias ptr @__mapanare_tensor_sub(ptr, ptr) nounwind willreturn
declare noalias ptr @__mapanare_tensor_mul(ptr, ptr) nounwind willreturn
declare noalias ptr @__mapanare_tensor_div(ptr, ptr) nounwind willreturn
declare noalias ptr @__mapanare_matmul(ptr, ptr) nounwind willreturn
declare noalias ptr @__mapanare_tensor_alloc(i64, i64*, i64) nounwind willreturn
declare void @__mapanare_tensor_free(ptr) nounwind willreturn
declare i1 @__mapanare_tensor_shape_eq(ptr, ptr) nounwind readonly willreturn
declare ptr @__mapanare_detect_gpus()
declare ptr @__mn_agent_spawn(ptr, ptr) nounwind willreturn
declare void @__mn_agent_send(ptr, ptr, ptr) nounwind willreturn
declare ptr @__mn_agent_sync(ptr, ptr) nounwind willreturn
declare noalias ptr @__mn_signal_new(ptr) nounwind willreturn
declare ptr @__mn_signal_get(ptr) nounwind
declare void @__mn_signal_set(ptr, ptr) nounwind willreturn
declare {ptr, i64} @__mn_read_line() nounwind willreturn
declare i64 @__mn_file_append({ptr, i64}, {ptr, i64}) nounwind willreturn
declare i64 @__mn_file_exists({ptr, i64}) nounwind readonly willreturn
declare {ptr, i64, i64, i64, i64} @__mn_dir_list_strings({ptr, i64}) nounwind willreturn
declare {ptr, i64} @__mn_http_get({ptr, i64}) nounwind willreturn
declare {ptr, i64} @__mn_sha256_str({ptr, i64}) nounwind willreturn
declare {ptr, i64} @__mn_base64_encode_str({ptr, i64}) nounwind willreturn
declare {ptr, i64} @__mn_base64_decode_str({ptr, i64}) nounwind willreturn
declare {ptr, i64} @__mn_hmac_sha256_str({ptr, i64}, {ptr, i64}) nounwind willreturn
declare {ptr, i64} @__mn_hex_encode_str({ptr, i64}) nounwind willreturn
declare {ptr, i64} @__mn_random_bytes_str(i64) nounwind willreturn
declare i64 @__mn_regex_compile_str({ptr, i64}) nounwind willreturn
declare i64 @__mn_regex_exec_str(i64, {ptr, i64}, i64) nounwind willreturn
declare {ptr, i64} @__mn_regex_replace_str(i64, {ptr, i64}, {ptr, i64}, i64) nounwind willreturn
declare i64 @__mn_regex_free(i64) nounwind willreturn
declare i64 @__mn_file_remove({ptr, i64}) nounwind willreturn
declare i64 @__mn_file_size({ptr, i64}) nounwind readonly willreturn
declare i64 @__mn_file_mtime({ptr, i64}) nounwind readonly willreturn
declare i64 @__mn_dir_create({ptr, i64}) nounwind willreturn
declare i64 @__mn_dir_remove({ptr, i64}) nounwind willreturn
declare i64 @__mn_file_rename({ptr, i64}, {ptr, i64}) nounwind willreturn
declare i64 @__mn_file_copy({ptr, i64}, {ptr, i64}) nounwind willreturn
declare {ptr, i64} @__mn_realpath({ptr, i64}) nounwind willreturn
declare {ptr, i64} @__mn_tmpfile_path() nounwind willreturn
declare i64 @__mn_gpu_available() nounwind readonly willreturn
declare {ptr, i64} @__mn_gpu_device_name() nounwind willreturn
declare i64 @__mn_gpu_device_memory() nounwind readonly willreturn
declare {ptr, i64, i64, i64, i64} @__mn_gpu_tensor_add(ptr, ptr) nounwind willreturn
declare {ptr, i64, i64, i64, i64} @__mn_gpu_tensor_sub(ptr, ptr) nounwind willreturn
declare {ptr, i64, i64, i64, i64} @__mn_gpu_tensor_mul(ptr, ptr) nounwind willreturn
declare {ptr, i64, i64, i64, i64} @__mn_gpu_tensor_div(ptr, ptr) nounwind willreturn
declare {ptr, i64, i64, i64, i64} @__mn_gpu_tensor_matmul(ptr, ptr, i64, i64, i64) nounwind willreturn

define i64 @sum_until(i64 %limit) nounwind willreturn {
entry:
  %limit.addr = alloca i64
  store i64 %limit, ptr %limit.addr
  %t0 = add i64 0, 0
  %sum1.addr = alloca i64
  store i64 %t0, ptr %sum1.addr
  %t2 = add i64 0, 0
  %i3.addr = alloca i64
  store i64 %t2, ptr %i3.addr
  br label %while_header0
while_header0:
  %i_val4 = load i64, ptr %i3.addr
  %t5 = add i64 0, 20
  %t6 = icmp slt i64 %i_val4, 20
  br i1 %t6, label %while_body1, label %while_exit2
while_body1:
  %i_val7 = load i64, ptr %i3.addr
  %limit_val8 = load i64, ptr %limit.addr
  %t9 = icmp sge i64 %i_val7, %limit_val8
  br i1 %t9, label %if_then3, label %if_else4
while_exit2:
  %sum_val17 = load i64, ptr %sum1.addr
  ret i64 %sum_val17
if_then3:
  br label %while_exit2
if_else4:
  br label %if_merge5
if_merge5:
  %sum_val11 = load i64, ptr %sum1.addr
  %i_val12 = load i64, ptr %i3.addr
  %t13 = add nsw i64 %sum_val11, %i_val12
  store i64 %t13, ptr %sum1.addr
  %i_val14 = load i64, ptr %i3.addr
  %t15 = add i64 0, 1
  %t16 = add nsw i64 %i_val14, 1
  store i64 %t16, ptr %i3.addr
  br label %while_header0
}

define i64 @skip_evens() nounwind willreturn {
entry:
  %t0 = add i64 0, 0
  %sum1.addr = alloca i64
  store i64 %t0, ptr %sum1.addr
  %t2 = add i64 0, 0
  %i3.addr = alloca i64
  store i64 %t2, ptr %i3.addr
  br label %while_header0
while_header0:
  %i_val4 = load i64, ptr %i3.addr
  %t5 = add i64 0, 10
  %t6 = icmp slt i64 %i_val4, 10
  br i1 %t6, label %while_body1, label %while_exit2
while_body1:
  %i_val7 = load i64, ptr %i3.addr
  %t8 = add i64 0, 1
  %t9 = add nsw i64 %i_val7, 1
  store i64 %t9, ptr %i3.addr
  %i_val10 = load i64, ptr %i3.addr
  %t11 = add i64 0, 2
  %t12 = srem i64 %i_val10, 2
  %t13 = add i64 0, 0
  %t14 = icmp eq i64 %t12, 0
  br i1 %t14, label %if_then3, label %if_else4
while_exit2:
  %sum_val19 = load i64, ptr %sum1.addr
  ret i64 %sum_val19
if_then3:
  br label %while_header0
if_else4:
  br label %if_merge5
if_merge5:
  %sum_val16 = load i64, ptr %sum1.addr
  %i_val17 = load i64, ptr %i3.addr
  %t18 = add nsw i64 %sum_val16, %i_val17
  store i64 %t18, ptr %sum1.addr
  br label %while_header0
}

define i64 @break_in_for() nounwind willreturn {
entry:
  %t0 = add i64 0, 0
  %result1.addr = alloca i64
  store i64 %t0, ptr %result1.addr
  %t2 = add i64 0, 0
  %t3 = add i64 0, 100
  %t4.tmp = insertvalue {i64, i64} undef, i64 %t2, 0
  %t4 = insertvalue {i64, i64} %t4.tmp, i64 %t3, 1
  %for_counter5.addr = alloca i64
  %for_start6 = extractvalue {i64, i64} %t4, 0
  %for_end7 = extractvalue {i64, i64} %t4, 1
  store i64 %for_start6, ptr %for_counter5.addr
  br label %for_header0
for_header0:
  %for_i8 = load i64, ptr %for_counter5.addr
  %for_cmp9 = icmp slt i64 %for_i8, %for_end7
  br i1 %for_cmp9, label %for_body1, label %for_exit2
for_body1:
  %i_addr10 = alloca i64
  %cur_i11 = load i64, ptr %for_counter5.addr
  store i64 %cur_i11, ptr %i_addr10
  %i_val12 = load i64, ptr %i_addr10
  %t13 = add i64 0, 5
  %t14 = icmp eq i64 %i_val12, 5
  br i1 %t14, label %if_then3, label %if_else4
for_exit2:
  %result_val22 = load i64, ptr %result1.addr
  ret i64 %result_val22
if_then3:
  br label %for_exit2
if_else4:
  br label %if_merge5
if_merge5:
  %result_val16 = load i64, ptr %result1.addr
  %i_val17 = load i64, ptr %i_addr10
  %t18 = add nsw i64 %result_val16, %i_val17
  store i64 %t18, ptr %result1.addr
  %for_ci20 = load i64, ptr %for_counter5.addr
  %one21 = add i64 0, 1
  %for_inc19 = add nsw i64 %for_ci20, 1
  store i64 %for_inc19, ptr %for_counter5.addr
  br label %for_header0
}

define i64 @nested_break() nounwind willreturn {
entry:
  %t0 = add i64 0, 1
  %t1 = sub nsw i64 0, %t0
  %found2.addr = alloca i64
  store i64 %t1, ptr %found2.addr
  %t3 = add i64 0, 10
  %t4 = add i64 0, 20
  %t5 = add i64 0, 30
  %t6 = add i64 0, 40
  %t7 = add i64 0, 50
  %t8.new = call {ptr, i64, i64, i64, i64} @__mn_list_new(i64 384)
  %t8.addr = alloca {ptr, i64, i64, i64, i64}
  store {ptr, i64, i64, i64, i64} %t8.new, ptr %t8.addr
  %t8.e0 = alloca i64
  store i64 %t3, ptr %t8.e0
  %t8.c0 = bitcast i64* %t8.e0 to ptr
  call void @__mn_list_push(ptr %t8.addr, ptr %t8.c0)
  %t8.e1 = alloca i64
  store i64 %t4, ptr %t8.e1
  %t8.c1 = bitcast i64* %t8.e1 to ptr
  call void @__mn_list_push(ptr %t8.addr, ptr %t8.c1)
  %t8.e2 = alloca i64
  store i64 %t5, ptr %t8.e2
  %t8.c2 = bitcast i64* %t8.e2 to ptr
  call void @__mn_list_push(ptr %t8.addr, ptr %t8.c2)
  %t8.e3 = alloca i64
  store i64 %t6, ptr %t8.e3
  %t8.c3 = bitcast i64* %t8.e3 to ptr
  call void @__mn_list_push(ptr %t8.addr, ptr %t8.c3)
  %t8.e4 = alloca i64
  store i64 %t7, ptr %t8.e4
  %t8.c4 = bitcast i64* %t8.e4 to ptr
  call void @__mn_list_push(ptr %t8.addr, ptr %t8.c4)
  %t8 = load {ptr, i64, i64, i64, i64}, ptr %t8.addr
  %items9.addr = alloca {ptr, i64, i64, i64, i64}
  store {ptr, i64, i64, i64, i64} %t8, ptr %items9.addr
  %t10 = add i64 0, 0
  %t11 = add i64 0, 5
  %t12.tmp = insertvalue {i64, i64} undef, i64 %t10, 0
  %t12 = insertvalue {i64, i64} %t12.tmp, i64 %t11, 1
  %for_counter13.addr = alloca i64
  %for_start14 = extractvalue {i64, i64} %t12, 0
  %for_end15 = extractvalue {i64, i64} %t12, 1
  store i64 %for_start14, ptr %for_counter13.addr
  br label %for_header0
for_header0:
  %for_i16 = load i64, ptr %for_counter13.addr
  %for_cmp17 = icmp slt i64 %for_i16, %for_end15
  br i1 %for_cmp17, label %for_body1, label %for_exit2
for_body1:
  %i_addr18 = alloca i64
  %cur_i19 = load i64, ptr %for_counter13.addr
  store i64 %cur_i19, ptr %i_addr18
  %items_val20 = load {ptr, i64, i64, i64, i64}, ptr %items9.addr
  %i_val21 = load i64, ptr %i_addr18
  %t22.lp = alloca {ptr, i64, i64, i64, i64}
  store {ptr, i64, i64, i64, i64} %items_val20, ptr %t22.lp
  %t22.raw = call ptr @__mn_list_get(ptr %t22.lp, i64 %i_val21)
  %t22 = load i64, ptr %t22.raw
  %t23 = add i64 0, 30
  %t24 = icmp eq i64 %t22, 30
  br i1 %t24, label %if_then3, label %if_else4
for_exit2:
  %found_val30 = load i64, ptr %found2.addr
  ret i64 %found_val30
if_then3:
  %i_val25 = load i64, ptr %i_addr18
  store i64 %i_val25, ptr %found2.addr
  br label %for_exit2
if_else4:
  br label %if_merge5
if_merge5:
  %for_ci28 = load i64, ptr %for_counter13.addr
  %one29 = add i64 0, 1
  %for_inc27 = add nsw i64 %for_ci28, 1
  store i64 %for_inc27, ptr %for_counter13.addr
  br label %for_header0
}

define i32 @main() nounwind willreturn {
entry:
  %t0 = add i64 0, 5
  %t1 = call i64 @sum_until(i64 %t0)
  call i32 (ptr, ...) @printf(ptr @.fmt_int_nl, i64 %t1)
  %t3 = call i64 @skip_evens()
  call i32 (ptr, ...) @printf(ptr @.fmt_int_nl, i64 %t3)
  %t5 = call i64 @break_in_for()
  call i32 (ptr, ...) @printf(ptr @.fmt_int_nl, i64 %t5)
  %t7 = call i64 @nested_break()
  call i32 (ptr, ...) @printf(ptr @.fmt_int_nl, i64 %t7)
  ret i32 zeroinitializer
}


!mapanare.version = !{!0}
!0 = !{!"4.142.0"}
