; ModuleID = '48_match_nested_exhaustive'
source_filename = "48_match_nested_exhaustive"
target datalayout = "e-m:e-p270:32:32-p271:32:32-p272:64:64-i64:64-i128:128-f80:128-n8:16:32:64-S128"
target triple = "x86_64-unknown-linux-gnu"

@.newline = private constant [2 x i8] c"\0A\00", align 2
@.fmt_int = private constant [4 x i8] c"%ld\00", align 2
@.fmt_int_nl = private constant [5 x i8] c"%ld\0A\00", align 2
@.fmt_float = private constant [4 x i8] c"%lf\00", align 2
@.fmt_float_nl = private constant [5 x i8] c"%lf\0A\00", align 2

declare {ptr, i64} @__mn_str_concat({ptr, i64}, {ptr, i64}) nounwind willreturn
declare i64 @__mn_str_eq({ptr, i64}, {ptr, i64}) nounwind readonly willreturn
declare i64 @__mn_str_cmp({ptr, i64}, {ptr, i64}) nounwind readonly willreturn
declare i64 @__mn_str_len({ptr, i64}) nounwind readonly willreturn
declare {ptr, i64} @__mn_str_char_at({ptr, i64}, i64)
declare i64 @__mn_str_byte_at({ptr, i64}, i64) nounwind readonly willreturn
declare {ptr, i64} @__mn_str_substr({ptr, i64}, i64, i64) nounwind willreturn
declare {ptr, i64} @__mn_str_from_int(i64) nounwind willreturn
declare {ptr, i64} @__mn_str_from_bool(i64) nounwind willreturn
declare {ptr, i64} @__mn_str_from_float(double) nounwind willreturn
declare i64 @__mn_str_to_int({ptr, i64}) nounwind readonly willreturn
declare double @__mn_str_to_float({ptr, i64}) nounwind readonly willreturn
declare void @__mn_str_println({ptr, i64}) nounwind willreturn
declare void @__mn_str_print({ptr, i64}) nounwind willreturn
declare i1 @__mn_str_starts_with({ptr, i64}, {ptr, i64}) nounwind readonly willreturn
declare i1 @__mn_str_ends_with({ptr, i64}, {ptr, i64}) nounwind readonly willreturn
declare i64 @__mn_str_find({ptr, i64}, {ptr, i64}) nounwind readonly willreturn
declare {ptr, i64} @__mn_str_join({ptr, i64}, ptr) nounwind willreturn
declare {ptr, i64, i64, i64, i64} @__mn_list_new(i64) nounwind willreturn
declare void @__mn_list_push(ptr, ptr) nounwind
declare ptr @__mn_list_get(ptr, i64) nounwind readonly willreturn
declare i64 @__mn_list_len(ptr) nounwind readonly willreturn
declare void @__mn_list_set(ptr, i64, ptr) nounwind
declare {ptr, i64, i64, i64, i64} @__mn_list_concat(ptr, ptr) nounwind willreturn
declare i1 @__iter_has_next({i64, i64}) nounwind readonly willreturn
declare i64 @__iter_next({i64, i64}) nounwind
declare {i64, i64} @__mn_range(i64, i64) nounwind readonly willreturn
declare void @__mn_range_free(ptr) nounwind willreturn
declare {ptr, i64} @__mn_str_to_upper({ptr, i64}) nounwind willreturn
declare {ptr, i64} @__mn_str_to_lower({ptr, i64}) nounwind willreturn
declare {ptr, i64} @__mn_str_replace({ptr, i64}, {ptr, i64}, {ptr, i64}) nounwind willreturn
declare {ptr, i64, i64, i64, i64} @__mn_str_split({ptr, i64}, {ptr, i64}) nounwind willreturn
declare {ptr, i64} @__mn_str_trim({ptr, i64}) nounwind willreturn
declare i1 @__mn_str_contains({ptr, i64}, {ptr, i64}) nounwind readonly willreturn
declare void @__mn_panic({ptr, i64})
declare void @__mn_exit(i64)
declare i64 @__mn_argc()
declare {ptr, i64} @__mn_argv(i64)
declare {ptr, i64} @__mn_file_read_or_empty({ptr, i64})
declare i64 @__mn_file_write({ptr, i64}, {ptr, i64})
declare i64 @__mn_system({ptr, i64})
declare void @__mn_str_eprint({ptr, i64}) nounwind willreturn
declare void @__mn_str_eprintln({ptr, i64}) nounwind willreturn
declare {ptr, i64} @__mn_str_chr(i64) nounwind willreturn
declare i64 @__mn_str_ord({ptr, i64}) nounwind readonly willreturn
declare noalias ptr @__mn_map_new(i64, i64, i64, i64) nounwind willreturn
declare void @__mn_map_set(ptr, ptr, ptr) nounwind
declare ptr @__mn_map_get(ptr, ptr) nounwind
declare i64 @__mn_map_len(ptr) nounwind readonly willreturn
declare i64 @__mn_map_contains(ptr, ptr) nounwind readonly willreturn
declare {ptr, i64, i64, i64, i64} @__mn_map_keys(ptr) nounwind willreturn
declare noalias ptr @malloc(i64) nounwind willreturn
declare i32 @printf(ptr, ...)
declare noalias ptr @__mapanare_tensor_add(ptr, ptr) nounwind willreturn
declare noalias ptr @__mapanare_tensor_sub(ptr, ptr) nounwind willreturn
declare noalias ptr @__mapanare_tensor_mul(ptr, ptr) nounwind willreturn
declare noalias ptr @__mapanare_tensor_div(ptr, ptr) nounwind willreturn
declare noalias ptr @__mapanare_matmul(ptr, ptr) nounwind willreturn
declare noalias ptr @__mapanare_tensor_alloc(i64, i64*, i64) nounwind willreturn
declare void @__mapanare_tensor_free(ptr) nounwind willreturn
declare i1 @__mapanare_tensor_shape_eq(ptr, ptr) nounwind readonly willreturn
declare ptr @__mapanare_detect_gpus()
declare ptr @__mn_agent_spawn(ptr, ptr) nounwind willreturn
declare void @__mn_agent_send(ptr, ptr, ptr) nounwind willreturn
declare ptr @__mn_agent_sync(ptr, ptr) nounwind willreturn
declare noalias ptr @__mn_signal_new(ptr) nounwind willreturn
declare ptr @__mn_signal_get(ptr) nounwind
declare void @__mn_signal_set(ptr, ptr) nounwind willreturn
declare {ptr, i64} @__mn_read_line() nounwind willreturn
declare i64 @__mn_file_append({ptr, i64}, {ptr, i64}) nounwind willreturn
declare i64 @__mn_file_exists({ptr, i64}) nounwind readonly willreturn
declare {ptr, i64, i64, i64, i64} @__mn_dir_list_strings({ptr, i64}) nounwind willreturn
declare {ptr, i64} @__mn_http_get({ptr, i64}) nounwind willreturn
declare {ptr, i64} @__mn_sha256_str({ptr, i64}) nounwind willreturn
declare {ptr, i64} @__mn_base64_encode_str({ptr, i64}) nounwind willreturn
declare {ptr, i64} @__mn_base64_decode_str({ptr, i64}) nounwind willreturn
declare {ptr, i64} @__mn_hmac_sha256_str({ptr, i64}, {ptr, i64}) nounwind willreturn
declare {ptr, i64} @__mn_hex_encode_str({ptr, i64}) nounwind willreturn
declare {ptr, i64} @__mn_random_bytes_str(i64) nounwind willreturn
declare i64 @__mn_regex_compile_str({ptr, i64}) nounwind willreturn
declare i64 @__mn_regex_exec_str(i64, {ptr, i64}, i64) nounwind willreturn
declare {ptr, i64} @__mn_regex_replace_str(i64, {ptr, i64}, {ptr, i64}, i64) nounwind willreturn
declare i64 @__mn_regex_free(i64) nounwind willreturn
declare i64 @__mn_file_remove({ptr, i64}) nounwind willreturn
declare i64 @__mn_file_size({ptr, i64}) nounwind readonly willreturn
declare i64 @__mn_file_mtime({ptr, i64}) nounwind readonly willreturn
declare i64 @__mn_dir_create({ptr, i64}) nounwind willreturn
declare i64 @__mn_dir_remove({ptr, i64}) nounwind willreturn
declare i64 @__mn_file_rename({ptr, i64}, {ptr, i64}) nounwind willreturn
declare i64 @__mn_file_copy({ptr, i64}, {ptr, i64}) nounwind willreturn
declare {ptr, i64} @__mn_realpath({ptr, i64}) nounwind willreturn
declare {ptr, i64} @__mn_tmpfile_path() nounwind willreturn
declare i64 @__mn_gpu_available() nounwind readonly willreturn
declare {ptr, i64} @__mn_gpu_device_name() nounwind willreturn
declare i64 @__mn_gpu_device_memory() nounwind readonly willreturn
declare {ptr, i64, i64, i64, i64} @__mn_gpu_tensor_add(ptr, ptr) nounwind willreturn
declare {ptr, i64, i64, i64, i64} @__mn_gpu_tensor_sub(ptr, ptr) nounwind willreturn
declare {ptr, i64, i64, i64, i64} @__mn_gpu_tensor_mul(ptr, ptr) nounwind willreturn
declare {ptr, i64, i64, i64, i64} @__mn_gpu_tensor_div(ptr, ptr) nounwind willreturn
declare {ptr, i64, i64, i64, i64} @__mn_gpu_tensor_matmul(ptr, ptr, i64, i64, i64) nounwind willreturn

define {ptr, i64} @classify({i1, {i64, {ptr, i64}}} %x) nounwind willreturn {
entry:
  %x.addr = alloca {i1, {i64, {ptr, i64}}}
  store {i1, {i64, {ptr, i64}}} %x, ptr %x.addr
  %x_val0 = load {i1, {i64, {ptr, i64}}}, ptr %x.addr
  %tag1.raw = extractvalue {i1, {i64, {ptr, i64}}} %x_val0, 0
  %tag1 = zext i1 %tag1.raw to i64
  switch i64 %tag1, label %match_merge0 [
    i64 1, label %match_arm1
    i64 0, label %match_arm2
  ]
match_arm1:
  %v2.inner = extractvalue {i1, {i64, {ptr, i64}}} %x_val0, 1
  %v2 = extractvalue { i64, {ptr, i64} } %v2.inner, 0
  %v3.addr = alloca i64
  store i64 %v2, ptr %v3.addr
  %t4.ptr = getelementptr inbounds [4 x i8], ptr @str.0, i64 0, i64 0
  %t4.s1 = insertvalue {ptr, i64} undef, ptr %t4.ptr, 0
  %t4 = insertvalue {ptr, i64} %t4.s1, i64 4, 1
  %v_val5 = load i64, ptr %v3.addr
  %t6 = call {ptr, i64} @__mn_str_from_int(i64 %v_val5)
  %t7 = call {ptr, i64} @__mn_str_concat({ptr, i64} %t4, {ptr, i64} %t6)
  ret {ptr, i64} %t7
match_arm2:
  %e8.inner = extractvalue {i1, {i64, {ptr, i64}}} %x_val0, 1
  %e8 = extractvalue { i64, {ptr, i64} } %e8.inner, 1
  %e9.addr = alloca {ptr, i64}
  store {ptr, i64} %e8, ptr %e9.addr
  %t10.ptr = getelementptr inbounds [5 x i8], ptr @str.1, i64 0, i64 0
  %t10.s1 = insertvalue {ptr, i64} undef, ptr %t10.ptr, 0
  %t10 = insertvalue {ptr, i64} %t10.s1, i64 5, 1
  %e_val11 = load {ptr, i64}, ptr %e9.addr
  %t12 = call {ptr, i64} @__mn_str_concat({ptr, i64} %t10, {ptr, i64} %e_val11)
  ret {ptr, i64} %t12
match_merge0:
  %match_result13.dummy = alloca {ptr, i64}
  %match_result13 = load {ptr, i64}, ptr %match_result13.dummy
  ret {ptr, i64} %match_result13
}

define {i1, {i64, {ptr, i64}}} @try_divide(i64 %a, i64 %b) nounwind willreturn {
entry:
  %a.addr = alloca i64
  store i64 %a, ptr %a.addr
  %b.addr = alloca i64
  store i64 %b, ptr %b.addr
  %b_val0 = load i64, ptr %b.addr
  %t1 = add i64 0, 0
  %t2 = icmp eq i64 %b_val0, 0
  br i1 %t2, label %if_then0, label %if_else1
if_then0:
  %t3.ptr = getelementptr inbounds [4 x i8], ptr @str.2, i64 0, i64 0
  %t3.s1 = insertvalue {ptr, i64} undef, ptr %t3.ptr, 0
  %t3 = insertvalue {ptr, i64} %t3.s1, i64 4, 1
  %t4.tag = insertvalue {i1, {i64, {ptr, i64}}} undef, i1 0, 0
  %t4.inner = insertvalue { i64, {ptr, i64} } undef, {ptr, i64} %t3, 1
  %t4 = insertvalue {i1, {i64, {ptr, i64}}} %t4.tag, { i64, {ptr, i64} } %t4.inner, 1
  ret {i1, {i64, {ptr, i64}}} %t4
if_else1:
  br label %if_merge2
if_merge2:
  %a_val6 = load i64, ptr %a.addr
  %b_val7 = load i64, ptr %b.addr
  %t8 = sdiv i64 %a_val6, %b_val7
  %t9.tag = insertvalue {i1, {i64, {ptr, i64}}} undef, i1 1, 0
  %t9.inner = insertvalue { i64, {ptr, i64} } undef, i64 %t8, 0
  %t9 = insertvalue {i1, {i64, {ptr, i64}}} %t9.tag, { i64, {ptr, i64} } %t9.inner, 1
  ret {i1, {i64, {ptr, i64}}} %t9
}

define i32 @main() nounwind willreturn {
entry:
  %t0 = add i64 0, 10
  %t1 = add i64 0, 2
  %t2 = call {i1, {i64, {ptr, i64}}} @try_divide(i64 %t0, i64 %t1)
  %t3 = call {ptr, i64} @classify({i1, {i64, {ptr, i64}}} %t2)
  call void @__mn_str_println({ptr, i64} %t3)
  %t5 = add i64 0, 10
  %t6 = add i64 0, 0
  %t7 = call {i1, {i64, {ptr, i64}}} @try_divide(i64 %t5, i64 %t6)
  %t8 = call {ptr, i64} @classify({i1, {i64, {ptr, i64}}} %t7)
  call void @__mn_str_println({ptr, i64} %t8)
  %t10 = add i64 0, 42
  %t11.tag = insertvalue {i1, {ptr, ptr}} undef, i1 1, 0
  %t11.inner = insertvalue { i64, ptr } undef, i64 %t10, 0
  %t11 = insertvalue {i1, {ptr, ptr}} %t11.tag, { i64, ptr } %t11.inner, 1
  %t12 = call {ptr, i64} @classify({i1, {i64, {ptr, i64}}} %t11)
  call void @__mn_str_println({ptr, i64} %t12)
  %t14.ptr = getelementptr inbounds [4 x i8], ptr @str.3, i64 0, i64 0
  %t14.s1 = insertvalue {ptr, i64} undef, ptr %t14.ptr, 0
  %t14 = insertvalue {ptr, i64} %t14.s1, i64 4, 1
  %t15.tag = insertvalue {i1, {ptr, ptr}} undef, i1 0, 0
  %t15.inner = insertvalue { ptr, {ptr, i64} } undef, {ptr, i64} %t14, 1
  %t15 = insertvalue {i1, {ptr, ptr}} %t15.tag, { ptr, {ptr, i64} } %t15.inner, 1
  %t16 = call {ptr, i64} @classify({i1, {i64, {ptr, i64}}} %t15)
  call void @__mn_str_println({ptr, i64} %t16)
  ret i32 zeroinitializer
}

@str.0 = private constant [4 x i8] c"ok: ", align 2
@str.1 = private constant [5 x i8] c"err: ", align 2
@str.2 = private constant [4 x i8] c"zero", align 2
@str.3 = private constant [4 x i8] c"fail", align 2

!mapanare.version = !{!0}
!0 = !{!"4.142.0"}
