; ModuleID = '50_match_or_patterns'
source_filename = "50_match_or_patterns"
target datalayout = "e-m:e-p270:32:32-p271:32:32-p272:64:64-i64:64-i128:128-f80:128-n8:16:32:64-S128"
target triple = "x86_64-unknown-linux-gnu"

@.newline = private constant [2 x i8] c"\0A\00", align 2
@.fmt_int = private constant [4 x i8] c"%ld\00", align 2
@.fmt_int_nl = private constant [5 x i8] c"%ld\0A\00", align 2
@.fmt_float = private constant [4 x i8] c"%lf\00", align 2
@.fmt_float_nl = private constant [5 x i8] c"%lf\0A\00", align 2

declare {ptr, i64} @__mn_str_concat({ptr, i64}, {ptr, i64}) nounwind willreturn
declare i64 @__mn_str_eq({ptr, i64}, {ptr, i64}) nounwind readonly willreturn
declare i64 @__mn_str_cmp({ptr, i64}, {ptr, i64}) nounwind readonly willreturn
declare i64 @__mn_str_len({ptr, i64}) nounwind readonly willreturn
declare {ptr, i64} @__mn_str_char_at({ptr, i64}, i64)
declare i64 @__mn_str_byte_at({ptr, i64}, i64) nounwind readonly willreturn
declare {ptr, i64} @__mn_str_substr({ptr, i64}, i64, i64) nounwind willreturn
declare {ptr, i64} @__mn_str_from_int(i64) nounwind willreturn
declare {ptr, i64} @__mn_str_from_bool(i64) nounwind willreturn
declare {ptr, i64} @__mn_str_from_float(double) nounwind willreturn
declare i64 @__mn_str_to_int({ptr, i64}) nounwind readonly willreturn
declare double @__mn_str_to_float({ptr, i64}) nounwind readonly willreturn
declare void @__mn_str_println({ptr, i64}) nounwind willreturn
declare void @__mn_str_print({ptr, i64}) nounwind willreturn
declare i1 @__mn_str_starts_with({ptr, i64}, {ptr, i64}) nounwind readonly willreturn
declare i1 @__mn_str_ends_with({ptr, i64}, {ptr, i64}) nounwind readonly willreturn
declare i64 @__mn_str_find({ptr, i64}, {ptr, i64}) nounwind readonly willreturn
declare {ptr, i64} @__mn_str_join({ptr, i64}, ptr) nounwind willreturn
declare {ptr, i64, i64, i64, i64} @__mn_list_new(i64) nounwind willreturn
declare void @__mn_list_push(ptr, ptr) nounwind
declare ptr @__mn_list_get(ptr, i64) nounwind readonly willreturn
declare i64 @__mn_list_len(ptr) nounwind readonly willreturn
declare void @__mn_list_set(ptr, i64, ptr) nounwind
declare {ptr, i64, i64, i64, i64} @__mn_list_concat(ptr, ptr) nounwind willreturn
declare i1 @__iter_has_next({i64, i64}) nounwind readonly willreturn
declare i64 @__iter_next({i64, i64}) nounwind
declare {i64, i64} @__mn_range(i64, i64) nounwind readonly willreturn
declare void @__mn_range_free(ptr) nounwind willreturn
declare {ptr, i64} @__mn_str_to_upper({ptr, i64}) nounwind willreturn
declare {ptr, i64} @__mn_str_to_lower({ptr, i64}) nounwind willreturn
declare {ptr, i64} @__mn_str_replace({ptr, i64}, {ptr, i64}, {ptr, i64}) nounwind willreturn
declare {ptr, i64, i64, i64, i64} @__mn_str_split({ptr, i64}, {ptr, i64}) nounwind willreturn
declare {ptr, i64} @__mn_str_trim({ptr, i64}) nounwind willreturn
declare i1 @__mn_str_contains({ptr, i64}, {ptr, i64}) nounwind readonly willreturn
declare void @__mn_panic({ptr, i64})
declare void @__mn_exit(i64)
declare i64 @__mn_argc()
declare {ptr, i64} @__mn_argv(i64)
declare {ptr, i64} @__mn_file_read_or_empty({ptr, i64})
declare i64 @__mn_file_write({ptr, i64}, {ptr, i64})
declare i64 @__mn_system({ptr, i64})
declare void @__mn_str_eprint({ptr, i64}) nounwind willreturn
declare void @__mn_str_eprintln({ptr, i64}) nounwind willreturn
declare {ptr, i64} @__mn_str_chr(i64) nounwind willreturn
declare i64 @__mn_str_ord({ptr, i64}) nounwind readonly willreturn
declare noalias ptr @__mn_map_new(i64, i64, i64, i64) nounwind willreturn
declare void @__mn_map_set(ptr, ptr, ptr) nounwind
declare ptr @__mn_map_get(ptr, ptr) nounwind
declare i64 @__mn_map_len(ptr) nounwind readonly willreturn
declare i64 @__mn_map_contains(ptr, ptr) nounwind readonly willreturn
declare {ptr, i64, i64, i64, i64} @__mn_map_keys(ptr) nounwind willreturn
declare noalias ptr @malloc(i64) nounwind willreturn
declare i32 @printf(ptr, ...)
declare noalias ptr @__mapanare_tensor_add(ptr, ptr) nounwind willreturn
declare noalias ptr @__mapanare_tensor_sub(ptr, ptr) nounwind willreturn
declare noalias ptr @__mapanare_tensor_mul(ptr, ptr) nounwind willreturn
declare noalias ptr @__mapanare_tensor_div(ptr, ptr) nounwind willreturn
declare noalias ptr @__mapanare_matmul(ptr, ptr) nounwind willreturn
declare noalias ptr @__mapanare_tensor_alloc(i64, i64*, i64) nounwind willreturn
declare void @__mapanare_tensor_free(ptr) nounwind willreturn
declare i1 @__mapanare_tensor_shape_eq(ptr, ptr) nounwind readonly willreturn
declare ptr @__mapanare_detect_gpus()
declare ptr @__mn_agent_spawn(ptr, ptr) nounwind willreturn
declare void @__mn_agent_send(ptr, ptr, ptr) nounwind willreturn
declare ptr @__mn_agent_sync(ptr, ptr) nounwind willreturn
declare noalias ptr @__mn_signal_new(ptr) nounwind willreturn
declare ptr @__mn_signal_get(ptr) nounwind
declare void @__mn_signal_set(ptr, ptr) nounwind willreturn
declare {ptr, i64} @__mn_read_line() nounwind willreturn
declare i64 @__mn_file_append({ptr, i64}, {ptr, i64}) nounwind willreturn
declare i64 @__mn_file_exists({ptr, i64}) nounwind readonly willreturn
declare {ptr, i64, i64, i64, i64} @__mn_dir_list_strings({ptr, i64}) nounwind willreturn
declare {ptr, i64} @__mn_http_get({ptr, i64}) nounwind willreturn
declare {ptr, i64} @__mn_sha256_str({ptr, i64}) nounwind willreturn
declare {ptr, i64} @__mn_base64_encode_str({ptr, i64}) nounwind willreturn
declare {ptr, i64} @__mn_base64_decode_str({ptr, i64}) nounwind willreturn
declare {ptr, i64} @__mn_hmac_sha256_str({ptr, i64}, {ptr, i64}) nounwind willreturn
declare {ptr, i64} @__mn_hex_encode_str({ptr, i64}) nounwind willreturn
declare {ptr, i64} @__mn_random_bytes_str(i64) nounwind willreturn
declare i64 @__mn_regex_compile_str({ptr, i64}) nounwind willreturn
declare i64 @__mn_regex_exec_str(i64, {ptr, i64}, i64) nounwind willreturn
declare {ptr, i64} @__mn_regex_replace_str(i64, {ptr, i64}, {ptr, i64}, i64) nounwind willreturn
declare i64 @__mn_regex_free(i64) nounwind willreturn
declare i64 @__mn_file_remove({ptr, i64}) nounwind willreturn
declare i64 @__mn_file_size({ptr, i64}) nounwind readonly willreturn
declare i64 @__mn_file_mtime({ptr, i64}) nounwind readonly willreturn
declare i64 @__mn_dir_create({ptr, i64}) nounwind willreturn
declare i64 @__mn_dir_remove({ptr, i64}) nounwind willreturn
declare i64 @__mn_file_rename({ptr, i64}, {ptr, i64}) nounwind willreturn
declare i64 @__mn_file_copy({ptr, i64}, {ptr, i64}) nounwind willreturn
declare {ptr, i64} @__mn_realpath({ptr, i64}) nounwind willreturn
declare {ptr, i64} @__mn_tmpfile_path() nounwind willreturn
declare i64 @__mn_gpu_available() nounwind readonly willreturn
declare {ptr, i64} @__mn_gpu_device_name() nounwind willreturn
declare i64 @__mn_gpu_device_memory() nounwind readonly willreturn
declare {ptr, i64, i64, i64, i64} @__mn_gpu_tensor_add(ptr, ptr) nounwind willreturn
declare {ptr, i64, i64, i64, i64} @__mn_gpu_tensor_sub(ptr, ptr) nounwind willreturn
declare {ptr, i64, i64, i64, i64} @__mn_gpu_tensor_mul(ptr, ptr) nounwind willreturn
declare {ptr, i64, i64, i64, i64} @__mn_gpu_tensor_div(ptr, ptr) nounwind willreturn
declare {ptr, i64, i64, i64, i64} @__mn_gpu_tensor_matmul(ptr, ptr, i64, i64, i64) nounwind willreturn

%enum.Token = type {i64, ptr}

define {ptr, i64} @category(%enum.Token %t) nounwind willreturn {
entry:
  %t.addr = alloca %enum.Token
  store %enum.Token %t, ptr %t.addr
  %t_val0 = load %enum.Token, ptr %t.addr
  %tag1 = extractvalue %enum.Token %t_val0, 0
  switch i64 %tag1, label %match_merge0 [
    i64 0, label %match_arm1
    i64 1, label %match_arm1
    i64 2, label %match_arm2
    i64 3, label %match_arm2
    i64 4, label %match_arm2
    i64 5, label %match_arm3
    i64 6, label %match_arm4
  ]
match_arm1:
  %t2.ptr = getelementptr inbounds [8 x i8], ptr @str.0, i64 0, i64 0
  %t2.s1 = insertvalue {ptr, i64} undef, ptr %t2.ptr, 0
  %t2 = insertvalue {ptr, i64} %t2.s1, i64 8, 1
  br label %match_merge0
match_arm2:
  %t3.ptr = getelementptr inbounds [14 x i8], ptr @str.1, i64 0, i64 0
  %t3.s1 = insertvalue {ptr, i64} undef, ptr %t3.ptr, 0
  %t3 = insertvalue {ptr, i64} %t3.s1, i64 14, 1
  br label %match_merge0
match_arm3:
  %t4.ptr = getelementptr inbounds [3 x i8], ptr @str.2, i64 0, i64 0
  %t4.s1 = insertvalue {ptr, i64} undef, ptr %t4.ptr, 0
  %t4 = insertvalue {ptr, i64} %t4.s1, i64 3, 1
  br label %match_merge0
match_arm4:
  %t5.ptr = getelementptr inbounds [4 x i8], ptr @str.3, i64 0, i64 0
  %t5.s1 = insertvalue {ptr, i64} undef, ptr %t5.ptr, 0
  %t5 = insertvalue {ptr, i64} %t5.s1, i64 4, 1
  br label %match_merge0
match_merge0:
  %match_result6 = phi {ptr, i64} [ %t2, %match_arm1 ], [ %t3, %match_arm2 ], [ %t4, %match_arm3 ], [ %t5, %match_arm4 ], [ zeroinitializer, %entry ]
  ret {ptr, i64} %match_result6
}

define i32 @main() nounwind willreturn {
entry:
  %t0.ei1 = insertvalue %enum.Token undef, i64 0, 0
  %t0 = insertvalue %enum.Token %t0.ei1, ptr null, 1
  %t1 = call {ptr, i64} @category(%enum.Token %t0)
  call void @__mn_str_println({ptr, i64} %t1)
  %t3.ei1 = insertvalue %enum.Token undef, i64 3, 0
  %t3 = insertvalue %enum.Token %t3.ei1, ptr null, 1
  %t4 = call {ptr, i64} @category(%enum.Token %t3)
  call void @__mn_str_println({ptr, i64} %t4)
  %t6.ei1 = insertvalue %enum.Token undef, i64 5, 0
  %t6 = insertvalue %enum.Token %t6.ei1, ptr null, 1
  %t7 = call {ptr, i64} @category(%enum.Token %t6)
  call void @__mn_str_println({ptr, i64} %t7)
  %t9.ptr = getelementptr inbounds [1 x i8], ptr @str.4, i64 0, i64 0
  %t9.s1 = insertvalue {ptr, i64} undef, ptr %t9.ptr, 0
  %t9 = insertvalue {ptr, i64} %t9.s1, i64 1, 1
  %t10.ep = call ptr @malloc(i64 16)
  %t10.ef0 = getelementptr inbounds i8, ptr %t10.ep, i64 0
  store {ptr, i64} %t9, ptr %t10.ef0
  %t10.ei1 = insertvalue %enum.Token undef, i64 6, 0
  %t10 = insertvalue %enum.Token %t10.ei1, ptr %t10.ep, 1
  %t11 = call {ptr, i64} @category(%enum.Token %t10)
  call void @__mn_str_println({ptr, i64} %t11)
  ret i32 zeroinitializer
}

@str.0 = private constant [8 x i8] c"additive", align 2
@str.1 = private constant [14 x i8] c"multiplicative", align 2
@str.2 = private constant [3 x i8] c"end", align 2
@str.3 = private constant [4 x i8] c"name", align 2
@str.4 = private constant [1 x i8] c"x", align 2

!mapanare.version = !{!0}
!0 = !{!"4.142.0"}
