/mnt/c/Users/Juan/Documents/GitHub/Mapanare/tests/golden/51_tensor_broadcast.mn:0:0: error: Undefined variable 'Tensor'
/mnt/c/Users/Juan/Documents/GitHub/Mapanare/tests/golden/51_tensor_broadcast.mn:0:0: error: Undefined variable 'Float'
/mnt/c/Users/Juan/Documents/GitHub/Mapanare/tests/golden/51_tensor_broadcast.mn:0:0: error: Undefined variable 'Tensor'
/mnt/c/Users/Juan/Documents/GitHub/Mapanare/tests/golden/51_tensor_broadcast.mn:0:0: error: Undefined variable 'Float'
/mnt/c/Users/Juan/Documents/GitHub/Mapanare/tests/golden/51_tensor_broadcast.mn:0:0: error: Undefined function 'tensor_get_f64'
/mnt/c/Users/Juan/Documents/GitHub/Mapanare/tests/golden/51_tensor_broadcast.mn:0:0: error: Undefined function 'tensor_get_f64'
/mnt/c/Users/Juan/Documents/GitHub/Mapanare/tests/golden/51_tensor_broadcast.mn:0:0: error: Undefined function 'tensor_get_f64'
/mnt/c/Users/Juan/Documents/GitHub/Mapanare/tests/golden/51_tensor_broadcast.mn:0:0: error: Undefined function 'tensor_get_f64'
/mnt/c/Users/Juan/Documents/GitHub/Mapanare/tests/golden/51_tensor_broadcast.mn:0:0: error: Undefined function 'tensor_get_f64'
/mnt/c/Users/Juan/Documents/GitHub/Mapanare/tests/golden/51_tensor_broadcast.mn:0:0: error: Undefined function 'tensor_get_f64'
/mnt/c/Users/Juan/Documents/GitHub/Mapanare/tests/golden/51_tensor_broadcast.mn:0:0: error: Undefined function 'tensor_get_f64'
/mnt/c/Users/Juan/Documents/GitHub/Mapanare/tests/golden/51_tensor_broadcast.mn:0:0: error: Undefined function 'tensor_get_f64'
/mnt/c/Users/Juan/Documents/GitHub/Mapanare/tests/golden/51_tensor_broadcast.mn:0:0: error: Undefined function 'tensor_get_f64'
/mnt/c/Users/Juan/Documents/GitHub/Mapanare/tests/golden/51_tensor_broadcast.mn:0:0: error: Undefined function 'tensor_get_f64'
/mnt/c/Users/Juan/Documents/GitHub/Mapanare/tests/golden/51_tensor_broadcast.mn:0:0: error: Undefined variable 'Tensor'
/mnt/c/Users/Juan/Documents/GitHub/Mapanare/tests/golden/51_tensor_broadcast.mn:0:0: error: Undefined variable 'Int'
/mnt/c/Users/Juan/Documents/GitHub/Mapanare/tests/golden/51_tensor_broadcast.mn:0:0: error: Undefined variable 'Tensor'
/mnt/c/Users/Juan/Documents/GitHub/Mapanare/tests/golden/51_tensor_broadcast.mn:0:0: error: Undefined variable 'Int'
/mnt/c/Users/Juan/Documents/GitHub/Mapanare/tests/golden/51_tensor_broadcast.mn:0:0: error: Undefined function 'tensor_get_i64'
/mnt/c/Users/Juan/Documents/GitHub/Mapanare/tests/golden/51_tensor_broadcast.mn:0:0: error: Undefined function 'tensor_get_i64'
