=== Run 1 started 00:59:44 ===
=== Run 1 finished 01:07:28 ===
FAILED tests/test_runner/test_test_runner.py::TestExecution::test_run_tests_directory
FAILED tests/test_runner/test_test_runner.py::TestCLI::test_cli_passing - ass...
FAILED tests/test_runner/test_test_runner.py::TestCLI::test_cli_failing - ass...
FAILED tests/test_runner/test_test_runner.py::TestCLI::test_cli_filter - asse...
39 failed, 5068 passed, 103 skipped, 7 xfailed, 2 warnings in 490.13s (0:08:10)
=== Run 2 started 01:07:28 ===
=== Run 2 finished 01:14:43 ===
FAILED tests/test_runner/test_test_runner.py::TestExecution::test_run_tests_directory
FAILED tests/test_runner/test_test_runner.py::TestCLI::test_cli_passing - ass...
FAILED tests/test_runner/test_test_runner.py::TestCLI::test_cli_failing - ass...
FAILED tests/test_runner/test_test_runner.py::TestCLI::test_cli_filter - asse...
39 failed, 5069 passed, 103 skipped, 7 xfailed, 2 warnings in 460.56s (0:07:40)
=== Run 3 started 01:14:43 ===
=== Run 3 finished 01:21:59 ===
FAILED tests/test_runner/test_test_runner.py::TestExecution::test_run_tests_directory
FAILED tests/test_runner/test_test_runner.py::TestCLI::test_cli_passing - ass...
FAILED tests/test_runner/test_test_runner.py::TestCLI::test_cli_failing - ass...
FAILED tests/test_runner/test_test_runner.py::TestCLI::test_cli_filter - asse...
39 failed, 5070 passed, 103 skipped, 7 xfailed, 2 warnings in 460.04s (0:07:40)
=== Run 4 started 01:21:59 ===
=== Run 4 finished 01:29:10 ===
FAILED tests/test_runner/test_test_runner.py::TestExecution::test_run_tests_directory
FAILED tests/test_runner/test_test_runner.py::TestCLI::test_cli_passing - ass...
FAILED tests/test_runner/test_test_runner.py::TestCLI::test_cli_failing - ass...
FAILED tests/test_runner/test_test_runner.py::TestCLI::test_cli_filter - asse...
39 failed, 5070 passed, 103 skipped, 7 xfailed, 2 warnings in 455.29s (0:07:35)
=== Run 5 started 01:29:10 ===
=== Run 5 finished 01:36:23 ===
FAILED tests/test_runner/test_test_runner.py::TestExecution::test_run_tests_directory
FAILED tests/test_runner/test_test_runner.py::TestCLI::test_cli_passing - ass...
FAILED tests/test_runner/test_test_runner.py::TestCLI::test_cli_failing - ass...
FAILED tests/test_runner/test_test_runner.py::TestCLI::test_cli_filter - asse...
39 failed, 5070 passed, 103 skipped, 7 xfailed, 2 warnings in 459.20s (0:07:39)
=== ALL 5 RUNS COMPLETE 01:36:23 ===
