..................................s..................................... [  1%]
........................................................................ [  2%]
........................................................................ [  4%]
........................................................................ [  5%]
........................................................................ [  6%]
............................sssssss....x.....x....xxx................... [  8%]
........................................................................ [  9%]
........................................................................ [ 10%]
........................................................................ [ 12%]
........................................................................ [ 13%]
........................................................................ [ 15%]
........................................................................ [ 16%]
........................................................................ [ 17%]
........................................................................ [ 19%]
........................................................................ [ 20%]
........................................................................ [ 21%]
........................................................................ [ 23%]
........................................................................ [ 24%]
........................................................................ [ 26%]
........................................................................ [ 27%]
........................................................................ [ 28%]
........................................................................ [ 30%]
........................................................ssssssssssssssss [ 31%]
ssssssssssssss.....................sssssssssssssssssss......s......ss... [ 32%]
........ssssssssssssssssssssssssssssssssss.............................. [ 34%]
........................................................................ [ 35%]
........................................................................ [ 37%]
........................................................................ [ 38%]
........................................................................ [ 39%]
........................................................................ [ 41%]
........................................................................ [ 42%]
........................................................................ [ 43%]
........................................................................ [ 45%]
........................................................................ [ 46%]
........................................................................ [ 48%]
........................................................................ [ 49%]
........................................................................ [ 50%]
........................................................................ [ 52%]
........................................................................ [ 53%]
........................................................................ [ 54%]
........................................................................ [ 56%]
........................................................................ [ 57%]
......................................................................s. [ 59%]
........................................................................ [ 60%]
........................................................................ [ 61%]
........................................................................ [ 63%]
........................................................................ [ 64%]
........................................................................ [ 65%]
........................................................................ [ 67%]
......................................................................s. [ 68%]
........................................................................ [ 70%]
.......................................................................x [ 71%]
........................................................................ [ 72%]
........................................................................ [ 74%]
........................................................................ [ 75%]
........................................................................ [ 76%]
...........................sssssssssssss................................ [ 78%]
........................................................................ [ 79%]
........................................................................ [ 81%]
sss...s................................................................. [ 82%]
........................................................................ [ 83%]
........................................................................ [ 85%]
........................................................................ [ 86%]
........................................................................ [ 87%]
........................................................................ [ 89%]
........................................................................ [ 90%]
........................................................................ [ 91%]
........................................................................ [ 93%]
..................s.x................................................... [ 94%]
....sss.s...sss......................................................... [ 96%]
........................................................................ [ 97%]
........................................................................ [ 98%]
............................................................             [100%]
=============================== warnings summary ===============================
mapanare/test_runner.py:24
  /mnt/c/Users/Juan/Documents/GitHub/Mapanare/mapanare/test_runner.py:24: PytestCollectionWarning: cannot collect test class 'TestResult' because it has a __init__ constructor (from: tests/test_runner/test_test_runner.py)
    @dataclass

mapanare/test_runner.py:35
  /mnt/c/Users/Juan/Documents/GitHub/Mapanare/mapanare/test_runner.py:35: PytestCollectionWarning: cannot collect test class 'TestSuite' because it has a __init__ constructor (from: tests/test_runner/test_test_runner.py)
    @dataclass

-- Docs: https://docs.pytest.org/en/stable/how-to/capture-warnings.html
5116 passed, 121 skipped, 7 xfailed, 2 warnings in 428.49s (0:07:08)
