[0;33m=== Three-Stage Fixed Point Verification ===[0m

[0;33m[Stage 0] Using existing stage1: mapanare/self/mnc-stage1[0m
  stage1: 3583120 bytes
[0;33m[Stage 1] stage1 compiles mnc_all.mn → stage2.ll[0m
  stage2.ll: 110127 lines
  llvm-as: [0;32mOK[0m
  Building mnc-stage2... [0;32mOK[0m (2707792 bytes)
[0;33m[Stage 2] stage2 compiles mnc_all.mn → stage3.ll[0m
[0;33m  note: mnc-stage2 exited with code 10[0m
  (teardown crash is a known issue tracked for v4.30.0; the script
   still validates that stage3.ll is non-empty and llvm-valid below)
  stage3.ll: 110127 lines
  llvm-as: [0;32mOK[0m

[0;33m[Verify] Fixed point: diff stage2.ll stage3.ll[0m
[0;33m  ~ NEAR FIXED POINT[0m
  4 diff lines out of 110127 (0.004%)
  within DIFF_THRESHOLD=100; accepted.

  First 20 diff lines for reference:
110127c110127
< !0 = !{!"4.153.0"}
---
> !0 = !{!"__MN_VERSION__"}
  Kept: /tmp/stage2.ll /tmp/stage3.ll /tmp/mnc-stage2
