..................................s..................................... [  1%]
........................................................................ [  2%]
........................................................................ [  3%]
........................................................................ [  5%]
........................................................................ [  6%]
............................sssssss....x.....x....xxx................... [  7%]
........................................................................ [  9%]
........................................................................ [ 10%]
........................................................................ [ 11%]
........................................................................ [ 13%]
........................................................................ [ 14%]
........................................................................ [ 15%]
........................................................................ [ 17%]
........................................................................ [ 18%]
........................................................................ [ 19%]
........................................................................ [ 21%]
........................................................................ [ 22%]
........................................................................ [ 23%]
........................................................................ [ 25%]
........................................................................ [ 26%]
........................................................................ [ 27%]
........................................................................ [ 29%]
........................................................................ [ 30%]
..............................................................ssssssssss [ 31%]
sssssssssssssssss........................sssssssssssssssssss......s..... [ 33%]
.ss...........ssssssssssssssssssssssssssssssssss........................ [ 34%]
........................................................................ [ 35%]
........................................................................ [ 37%]
........................................................................ [ 38%]
........................................................................ [ 39%]
........................................................................ [ 41%]
........................................................................ [ 42%]
........................................................................ [ 43%]
........................................................................ [ 45%]
........................................................................ [ 46%]
........................................................................ [ 47%]
........................................................................ [ 49%]
........................................................................ [ 50%]
........................................................................ [ 51%]
........................................................................ [ 53%]
........................................................................ [ 54%]
........................................................................ [ 55%]
........................................................................ [ 57%]
........................................................................ [ 58%]
.......s................................................................ [ 59%]
........................................................................ [ 61%]
........................................................................ [ 62%]
........................................................................ [ 63%]
........................................................................ [ 65%]
........................................................................ [ 66%]
........................................................................ [ 67%]
.......s................................................................ [ 69%]
........................................................................ [ 70%]
........x............................................................... [ 71%]
........................................................................ [ 72%]
........................................................................ [ 74%]
........................................................................ [ 75%]
....................................sssssssssssss....................... [ 76%]
........................................................................ [ 78%]
........................................................................ [ 79%]
................s....................................................... [ 80%]
........................................................................ [ 82%]
........................................................................ [ 83%]
........................................................................ [ 84%]
........................................................................ [ 86%]
........................................................................ [ 87%]
........................................................................ [ 88%]
........................................................................ [ 90%]
........................................................................ [ 91%]
........................................................................ [ 92%]
...................................x...............x....s.x............. [ 94%]
..........................................sss.s...sss................... [ 95%]
........................................................................ [ 96%]
........................................................................ [ 98%]
........................................................................ [ 99%]
..........................                                               [100%]
=============================== warnings summary ===============================
mapanare/test_runner.py:24
  /mnt/c/Users/Juan/Documents/GitHub/Mapanare/mapanare/test_runner.py:24: PytestCollectionWarning: cannot collect test class 'TestResult' because it has a __init__ constructor (from: tests/test_runner/test_test_runner.py)
    @dataclass

mapanare/test_runner.py:35
  /mnt/c/Users/Juan/Documents/GitHub/Mapanare/mapanare/test_runner.py:35: PytestCollectionWarning: cannot collect test class 'TestSuite' because it has a __init__ constructor (from: tests/test_runner/test_test_runner.py)
    @dataclass

-- Docs: https://docs.pytest.org/en/stable/how-to/capture-warnings.html
5302 passed, 115 skipped, 9 xfailed, 2 warnings in 484.82s (0:08:04)
