=================================================================
==10931==ERROR: AddressSanitizer: heap-use-after-free on address 0x5020000071f0 at pc 0x000000458d6c bp 0x7f7de27e96a0 sp 0x7f7de27e8e48
READ of size 1 at 0x5020000071f0 thread T1
    #0 0x458d6b in MemcmpInterceptorCommon(void*, int (*)(void const*, void const*, unsigned long), void const*, void const*, unsigned long) (/mnt/c/Users/Juan/Documents/GitHub/Mapanare/mapanare/self/mnc-stage1-asan+0x458d6b) (BuildId: b157ec7e72ff2164cb5120088e064fce044de577)
    #1 0x4592d0 in bcmp (/mnt/c/Users/Juan/Documents/GitHub/Mapanare/mapanare/self/mnc-stage1-asan+0x4592d0) (BuildId: b157ec7e72ff2164cb5120088e064fce044de577)
    #2 0x87c2de in __mn_str_find /mnt/c/Users/Juan/Documents/GitHub/Mapanare/runtime/native/mapanare_core.c:629:13
    #3 0x8290ea in emit_llvm__emit_enum_payload (/mnt/c/Users/Juan/Documents/GitHub/Mapanare/mapanare/self/mnc-stage1-asan+0x8290ea) (BuildId: b157ec7e72ff2164cb5120088e064fce044de577)

0x5020000071f0 is located 0 bytes inside of 5-byte region [0x5020000071f0,0x5020000071f5)
freed by thread T1 here:
    #0 0x4d71ca in free (/mnt/c/Users/Juan/Documents/GitHub/Mapanare/mapanare/self/mnc-stage1-asan+0x4d71ca) (BuildId: b157ec7e72ff2164cb5120088e064fce044de577)
    #1 0x7b34eb in lower__bind_one_pattern_field (/mnt/c/Users/Juan/Documents/GitHub/Mapanare/mapanare/self/mnc-stage1-asan+0x7b34eb) (BuildId: b157ec7e72ff2164cb5120088e064fce044de577)

previously allocated by thread T1 here:
    #0 0x4d764d in calloc (/mnt/c/Users/Juan/Documents/GitHub/Mapanare/mapanare/self/mnc-stage1-asan+0x4d764d) (BuildId: b157ec7e72ff2164cb5120088e064fce044de577)
    #1 0x87b592 in __mn_alloc /mnt/c/Users/Juan/Documents/GitHub/Mapanare/runtime/native/mapanare_core.c:83:17
    #2 0x87b592 in __mn_str_concat /mnt/c/Users/Juan/Documents/GitHub/Mapanare/runtime/native/mapanare_core.c:458:25
    #3 0x7afd88 in lower__bind_one_pattern_field (/mnt/c/Users/Juan/Documents/GitHub/Mapanare/mapanare/self/mnc-stage1-asan+0x7afd88) (BuildId: b157ec7e72ff2164cb5120088e064fce044de577)

Thread T1 created by T0 here:
    #0 0x4bcdd5 in pthread_create (/mnt/c/Users/Juan/Documents/GitHub/Mapanare/mapanare/self/mnc-stage1-asan+0x4bcdd5) (BuildId: b157ec7e72ff2164cb5120088e064fce044de577)
    #1 0x515b37 in main /mnt/c/Users/Juan/Documents/GitHub/Mapanare/mapanare/self/mnc_main.c:117:9
    #2 0x7f7de4e991c9 in __libc_start_call_main csu/../sysdeps/nptl/libc_start_call_main.h:58:16
    #3 0x7f7de4e9928a in __libc_start_main csu/../csu/libc-start.c:360:3
    #4 0x43c614 in _start (/mnt/c/Users/Juan/Documents/GitHub/Mapanare/mapanare/self/mnc-stage1-asan+0x43c614) (BuildId: b157ec7e72ff2164cb5120088e064fce044de577)

SUMMARY: AddressSanitizer: heap-use-after-free (/mnt/c/Users/Juan/Documents/GitHub/Mapanare/mapanare/self/mnc-stage1-asan+0x458d6b) (BuildId: b157ec7e72ff2164cb5120088e064fce044de577) in MemcmpInterceptorCommon(void*, int (*)(void const*, void const*, unsigned long), void const*, void const*, unsigned long)
Shadow bytes around the buggy address:
  0x502000006f00: fa fa 07 fa fa fa 07 fa fa fa fd fd fa fa fd fa
  0x502000006f80: fa fa 04 fa fa fa fd fa fa fa fd fa fa fa 00 01
  0x502000007000: fa fa 00 00 fa fa 06 fa fa fa fd fa fa fa 00 fa
  0x502000007080: fa fa 00 05 fa fa fd fd fa fa 00 03 fa fa 00 03
  0x502000007100: fa fa fd fa fa fa 06 fa fa fa fd fd fa fa 00 00
=>0x502000007180: fa fa fd fa fa fa 04 fa fa fa fd fa fa fa[fd]fa
  0x502000007200: fa fa fd fa fa fa fd fa fa fa 00 01 fa fa 00 00
  0x502000007280: fa fa fd fd fa fa fd fd fa fa 00 00 fa fa 06 fa
  0x502000007300: fa fa fd fa fa fa 00 fa fa fa fd fd fa fa fd fa
  0x502000007380: fa fa 04 fa fa fa fd fd fa fa fd fa fa fa 05 fa
  0x502000007400: fa fa fd fd fa fa 00 00 fa fa fd fd fa fa 00 00
Shadow byte legend (one shadow byte represents 8 application bytes):
  Addressable:           00
  Partially addressable: 01 02 03 04 05 06 07 
  Heap left redzone:       fa
  Freed heap region:       fd
  Stack left redzone:      f1
  Stack mid redzone:       f2
  Stack right redzone:     f3
  Stack after return:      f5
  Stack use after scope:   f8
  Global redzone:          f9
  Global init order:       f6
  Poisoned by user:        f7
  Container overflow:      fc
  Array cookie:            ac
  Intra object redzone:    bb
  ASan internal:           fe
  Left alloca redzone:     ca
  Right alloca redzone:    cb
==10931==ABORTING
